::1 - - [30/Jul/2026:10:41:54 +0000] "GET /category HTTP/1.1" 500 1300
::1 - - [30/Jul/2026:10:42:07 +0000] "GET /category HTTP/1.1" 500 1301
::1 - - [30/Jul/2026:10:42:08 +0000] "GET /category HTTP/1.1" 500 1301
::1 - - [30/Jul/2026:10:42:21 +0000] "GET /category HTTP/1.1" 200 12514
::1 - - [30/Jul/2026:10:42:22 +0000] "GET /css/bootstrap.min.css HTTP/1.1" 304 -
::1 - - [30/Jul/2026:10:42:22 +0000] "GET /css/styles.css HTTP/1.1" 304 -
::1 - - [30/Jul/2026:10:42:22 +0000] "GET /js/bootstrap.min.js HTTP/1.1" 304 -
::1 - - [30/Jul/2026:10:42:22 +0000] "GET /fonts/glyphicons-halflings-regular.woff HTTP/1.1" 404 178
::1 - - [30/Jul/2026:10:42:22 +0000] "GET /fonts/glyphicons-halflings-regular.ttf HTTP/1.1" 404 177
::1 - - [30/Jul/2026:10:44:16 +0000] "GET /category HTTP/1.1" 200 12464
::1 - - [30/Jul/2026:10:44:16 +0000] "GET /css/bootstrap.min.css HTTP/1.1" 304 -
::1 - - [30/Jul/2026:10:44:16 +0000] "GET /css/styles.css HTTP/1.1" 304 -
::1 - - [30/Jul/2026:10:44:16 +0000] "GET /js/bootstrap.min.js HTTP/1.1" 304 -
::1 - - [30/Jul/2026:10:44:18 +0000] "GET /fonts/glyphicons-halflings-regular.woff HTTP/1.1" 404 178
::1 - - [30/Jul/2026:10:44:18 +0000] "GET /fonts/glyphicons-halflings-regular.ttf HTTP/1.1" 404 177
::1 - - [30/Jul/2026:10:44:29 +0000] "GET /category HTTP/1.1" 304 -
::1 - - [30/Jul/2026:10:44:29 +0000] "GET /css/bootstrap.min.css HTTP/1.1" 304 -
::1 - - [30/Jul/2026:10:44:29 +0000] "GET /css/styles.css HTTP/1.1" 304 -
::1 - - [30/Jul/2026:10:44:29 +0000] "GET /js/bootstrap.min.js HTTP/1.1" 304 -
::1 - - [30/Jul/2026:10:44:29 +0000] "GET /fonts/glyphicons-halflings-regular.woff HTTP/1.1" 404 178
::1 - - [30/Jul/2026:10:44:29 +0000] "GET /fonts/glyphicons-halflings-regular.ttf HTTP/1.1" 404 177
::1 - - [30/Jul/2026:10:44:33 +0000] "GET /category HTTP/1.1" 304 -
::1 - - [30/Jul/2026:10:44:33 +0000] "GET /css/bootstrap.min.css HTTP/1.1" 304 -
::1 - - [30/Jul/2026:10:44:33 +0000] "GET /css/styles.css HTTP/1.1" 304 -
::1 - - [30/Jul/2026:10:44:33 +0000] "GET /js/bootstrap.min.js HTTP/1.1" 304 -
::1 - - [30/Jul/2026:10:44:33 +0000] "GET /fonts/glyphicons-halflings-regular.woff HTTP/1.1" 404 178
::1 - - [30/Jul/2026:10:44:33 +0000] "GET /fonts/glyphicons-halflings-regular.ttf HTTP/1.1" 404 177
::1 - - [30/Jul/2026:10:47:41 +0000] "GET /category HTTP/1.1" 200 12304
::1 - - [30/Jul/2026:10:47:41 +0000] "GET /css/bootstrap.min.css HTTP/1.1" 304 -
::1 - - [30/Jul/2026:10:47:41 +0000] "GET /css/styles.css HTTP/1.1" 304 -
::1 - - [30/Jul/2026:10:47:41 +0000] "GET /js/bootstrap.min.js HTTP/1.1" 304 -
::1 - - [30/Jul/2026:10:47:41 +0000] "GET /fonts/glyphicons-halflings-regular.woff HTTP/1.1" 404 178
::1 - - [30/Jul/2026:10:47:41 +0000] "GET /fonts/glyphicons-halflings-regular.ttf HTTP/1.1" 404 177
::1 - - [30/Jul/2026:14:08:00 +0000] "GET /category HTTP/1.1" 304 -
::1 - - [30/Jul/2026:14:08:00 +0000] "GET /css/bootstrap.min.css HTTP/1.1" 304 -
::1 - - [30/Jul/2026:14:08:00 +0000] "GET /css/styles.css HTTP/1.1" 304 -
::1 - - [30/Jul/2026:14:08:00 +0000] "GET /js/bootstrap.min.js HTTP/1.1" 304 -
::1 - - [30/Jul/2026:14:08:00 +0000] "GET /fonts/glyphicons-halflings-regular.woff HTTP/1.1" 404 178
::1 - - [30/Jul/2026:14:08:00 +0000] "GET /fonts/glyphicons-halflings-regular.ttf HTTP/1.1" 404 177
::1 - - [30/Jul/2026:17:29:51 +0000] "GET /category HTTP/1.1" 304 -
::1 - - [30/Jul/2026:17:29:51 +0000] "GET /css/bootstrap.min.css HTTP/1.1" 304 -
::1 - - [30/Jul/2026:17:29:51 +0000] "GET /css/styles.css HTTP/1.1" 304 -
::1 - - [30/Jul/2026:17:29:51 +0000] "GET /js/bootstrap.min.js HTTP/1.1" 304 -
::1 - - [30/Jul/2026:17:29:51 +0000] "GET /fonts/glyphicons-halflings-regular.woff HTTP/1.1" 404 178
::1 - - [30/Jul/2026:17:29:51 +0000] "GET /fonts/glyphicons-halflings-regular.ttf HTTP/1.1" 404 177
